// Vitest Snapshot v1

exports[`RequestViewer > Renders RequestViewer to match snapshot 1`] = `
{
  "asFragment": [Function],
  "baseElement": <body>
    <div>
      <div
        class="StyledBox-sc-13pk1d4-0 iNDmPr"
      >
        <table
          class="StyledTable-sc-1m3u5g-6 YPHTu StyledDataTable-sc-xrlyjm-0 hmFzTO"
        >
          <thead
            class="StyledTable__StyledTableHeader-sc-1m3u5g-4 StyledDataTable__StyledDataTableHeader-sc-xrlyjm-4 khLQeI"
          >
            <tr
              class="StyledTable__StyledTableRow-sc-1m3u5g-2 StyledDataTable__StyledDataTableRow-sc-xrlyjm-2 hSlrxd"
            >
              <th
                class="StyledTable__StyledTableCell-sc-1m3u5g-0 ILkGj StyledDataTable__StyledDataTableCell-sc-xrlyjm-6 dsFDzi"
                scope="col"
              >
                <div
                  class="StyledBox-sc-13pk1d4-0 fqUnkf"
                >
                  <button
                    class="StyledButton-sc-323bzc-0 iIPNKk Header__StyledHeaderCellButton-sc-1baku5q-0 jdyvfX"
                    type="button"
                  >
                    <div
                      class="StyledBox-sc-13pk1d4-0 cwefyf"
                    >
                      <span
                        class="StyledText-sc-1sadyjn-0 hpCRgD"
                      >
                        Date
                      </span>
                    </div>
                  </button>
                </div>
              </th>
              <th
                class="StyledTable__StyledTableCell-sc-1m3u5g-0 ILkGj StyledDataTable__StyledDataTableCell-sc-xrlyjm-6 dsFDzi"
                scope="col"
              >
                <div
                  class="StyledBox-sc-13pk1d4-0 fqUnkf"
                >
                  <button
                    class="StyledButton-sc-323bzc-0 iIPNKk Header__StyledHeaderCellButton-sc-1baku5q-0 jdyvfX"
                    type="button"
                  >
                    <div
                      class="StyledBox-sc-13pk1d4-0 cwefyf"
                    >
                      <span
                        class="StyledText-sc-1sadyjn-0 hpCRgD"
                      >
                        Reason
                      </span>
                    </div>
                  </button>
                </div>
              </th>
              <th
                class="StyledTable__StyledTableCell-sc-1m3u5g-0 ILkGj StyledDataTable__StyledDataTableCell-sc-xrlyjm-6 dsFDzi"
                scope="col"
              >
                <div
                  class="StyledBox-sc-13pk1d4-0 fqUnkf"
                >
                  <button
                    class="StyledButton-sc-323bzc-0 iIPNKk Header__StyledHeaderCellButton-sc-1baku5q-0 jdyvfX"
                    type="button"
                  >
                    <div
                      class="StyledBox-sc-13pk1d4-0 cwefyf"
                    >
                      <span
                        class="StyledText-sc-1sadyjn-0 hpCRgD"
                      >
                        Start
                      </span>
                    </div>
                  </button>
                </div>
              </th>
              <th
                class="StyledTable__StyledTableCell-sc-1m3u5g-0 ILkGj StyledDataTable__StyledDataTableCell-sc-xrlyjm-6 dsFDzi"
                scope="col"
              >
                <div
                  class="StyledBox-sc-13pk1d4-0 fqUnkf"
                >
                  <button
                    class="StyledButton-sc-323bzc-0 iIPNKk Header__StyledHeaderCellButton-sc-1baku5q-0 jdyvfX"
                    type="button"
                  >
                    <div
                      class="StyledBox-sc-13pk1d4-0 cwefyf"
                    >
                      <span
                        class="StyledText-sc-1sadyjn-0 hpCRgD"
                      >
                        End
                      </span>
                    </div>
                  </button>
                </div>
              </th>
              <th
                class="StyledTable__StyledTableCell-sc-1m3u5g-0 ILkGj StyledDataTable__StyledDataTableCell-sc-xrlyjm-6 dsFDzi"
                scope="col"
              >
                <div
                  class="StyledBox-sc-13pk1d4-0 fqUnkf"
                >
                  <button
                    class="StyledButton-sc-323bzc-0 iIPNKk Header__StyledHeaderCellButton-sc-1baku5q-0 jdyvfX"
                    type="button"
                  >
                    <div
                      class="StyledBox-sc-13pk1d4-0 cwefyf"
                    >
                      <span
                        class="StyledText-sc-1sadyjn-0 hpCRgD"
                      >
                        Status
                      </span>
                    </div>
                  </button>
                </div>
              </th>
            </tr>
          </thead>
          <tbody
            class="StyledTable__StyledTableBody-sc-1m3u5g-3 StyledDataTable__StyledDataTableBody-sc-xrlyjm-3 iRIncW"
          />
        </table>
      </div>
    </div>
  </body>,
  "container": <div>
    <div
      class="StyledBox-sc-13pk1d4-0 iNDmPr"
    >
      <table
        class="StyledTable-sc-1m3u5g-6 YPHTu StyledDataTable-sc-xrlyjm-0 hmFzTO"
      >
        <thead
          class="StyledTable__StyledTableHeader-sc-1m3u5g-4 StyledDataTable__StyledDataTableHeader-sc-xrlyjm-4 khLQeI"
        >
          <tr
            class="StyledTable__StyledTableRow-sc-1m3u5g-2 StyledDataTable__StyledDataTableRow-sc-xrlyjm-2 hSlrxd"
          >
            <th
              class="StyledTable__StyledTableCell-sc-1m3u5g-0 ILkGj StyledDataTable__StyledDataTableCell-sc-xrlyjm-6 dsFDzi"
              scope="col"
            >
              <div
                class="StyledBox-sc-13pk1d4-0 fqUnkf"
              >
                <button
                  class="StyledButton-sc-323bzc-0 iIPNKk Header__StyledHeaderCellButton-sc-1baku5q-0 jdyvfX"
                  type="button"
                >
                  <div
                    class="StyledBox-sc-13pk1d4-0 cwefyf"
                  >
                    <span
                      class="StyledText-sc-1sadyjn-0 hpCRgD"
                    >
                      Date
                    </span>
                  </div>
                </button>
              </div>
            </th>
            <th
              class="StyledTable__StyledTableCell-sc-1m3u5g-0 ILkGj StyledDataTable__StyledDataTableCell-sc-xrlyjm-6 dsFDzi"
              scope="col"
            >
              <div
                class="StyledBox-sc-13pk1d4-0 fqUnkf"
              >
                <button
                  class="StyledButton-sc-323bzc-0 iIPNKk Header__StyledHeaderCellButton-sc-1baku5q-0 jdyvfX"
                  type="button"
                >
                  <div
                    class="StyledBox-sc-13pk1d4-0 cwefyf"
                  >
                    <span
                      class="StyledText-sc-1sadyjn-0 hpCRgD"
                    >
                      Reason
                    </span>
                  </div>
                </button>
              </div>
            </th>
            <th
              class="StyledTable__StyledTableCell-sc-1m3u5g-0 ILkGj StyledDataTable__StyledDataTableCell-sc-xrlyjm-6 dsFDzi"
              scope="col"
            >
              <div
                class="StyledBox-sc-13pk1d4-0 fqUnkf"
              >
                <button
                  class="StyledButton-sc-323bzc-0 iIPNKk Header__StyledHeaderCellButton-sc-1baku5q-0 jdyvfX"
                  type="button"
                >
                  <div
                    class="StyledBox-sc-13pk1d4-0 cwefyf"
                  >
                    <span
                      class="StyledText-sc-1sadyjn-0 hpCRgD"
                    >
                      Start
                    </span>
                  </div>
                </button>
              </div>
            </th>
            <th
              class="StyledTable__StyledTableCell-sc-1m3u5g-0 ILkGj StyledDataTable__StyledDataTableCell-sc-xrlyjm-6 dsFDzi"
              scope="col"
            >
              <div
                class="StyledBox-sc-13pk1d4-0 fqUnkf"
              >
                <button
                  class="StyledButton-sc-323bzc-0 iIPNKk Header__StyledHeaderCellButton-sc-1baku5q-0 jdyvfX"
                  type="button"
                >
                  <div
                    class="StyledBox-sc-13pk1d4-0 cwefyf"
                  >
                    <span
                      class="StyledText-sc-1sadyjn-0 hpCRgD"
                    >
                      End
                    </span>
                  </div>
                </button>
              </div>
            </th>
            <th
              class="StyledTable__StyledTableCell-sc-1m3u5g-0 ILkGj StyledDataTable__StyledDataTableCell-sc-xrlyjm-6 dsFDzi"
              scope="col"
            >
              <div
                class="StyledBox-sc-13pk1d4-0 fqUnkf"
              >
                <button
                  class="StyledButton-sc-323bzc-0 iIPNKk Header__StyledHeaderCellButton-sc-1baku5q-0 jdyvfX"
                  type="button"
                >
                  <div
                    class="StyledBox-sc-13pk1d4-0 cwefyf"
                  >
                    <span
                      class="StyledText-sc-1sadyjn-0 hpCRgD"
                    >
                      Status
                    </span>
                  </div>
                </button>
              </div>
            </th>
          </tr>
        </thead>
        <tbody
          class="StyledTable__StyledTableBody-sc-1m3u5g-3 StyledDataTable__StyledDataTableBody-sc-xrlyjm-3 iRIncW"
        />
      </table>
    </div>
  </div>,
  "debug": [Function],
  "findAllByAltText": [Function],
  "findAllByDisplayValue": [Function],
  "findAllByLabelText": [Function],
  "findAllByPlaceholderText": [Function],
  "findAllByRole": [Function],
  "findAllByTestId": [Function],
  "findAllByText": [Function],
  "findAllByTitle": [Function],
  "findByAltText": [Function],
  "findByDisplayValue": [Function],
  "findByLabelText": [Function],
  "findByPlaceholderText": [Function],
  "findByRole": [Function],
  "findByTestId": [Function],
  "findByText": [Function],
  "findByTitle": [Function],
  "getAllByAltText": [Function],
  "getAllByDisplayValue": [Function],
  "getAllByLabelText": [Function],
  "getAllByPlaceholderText": [Function],
  "getAllByRole": [Function],
  "getAllByTestId": [Function],
  "getAllByText": [Function],
  "getAllByTitle": [Function],
  "getByAltText": [Function],
  "getByDisplayValue": [Function],
  "getByLabelText": [Function],
  "getByPlaceholderText": [Function],
  "getByRole": [Function],
  "getByTestId": [Function],
  "getByText": [Function],
  "getByTitle": [Function],
  "queryAllByAltText": [Function],
  "queryAllByDisplayValue": [Function],
  "queryAllByLabelText": [Function],
  "queryAllByPlaceholderText": [Function],
  "queryAllByRole": [Function],
  "queryAllByTestId": [Function],
  "queryAllByText": [Function],
  "queryAllByTitle": [Function],
  "queryByAltText": [Function],
  "queryByDisplayValue": [Function],
  "queryByLabelText": [Function],
  "queryByPlaceholderText": [Function],
  "queryByRole": [Function],
  "queryByTestId": [Function],
  "queryByText": [Function],
  "queryByTitle": [Function],
  "rerender": [Function],
  "unmount": [Function],
}
`;
